
unknown
(
  (define-fun x () (_ BitVec 8) #x05)
)
