
unknown
(
  (define-fun x () (_ BitVec 8) #b11110101)
)
