
unknown
(
  (define-fun x () (_ BitVec 8) #x00)
  (define-fun y () (_ BitVec 8) #xa5)
)
