
unknown
(
  (define-fun a () (_ BitVec 2) #b01)
)
