
unknown
(
  (define-fun x () (_ BitVec 2) #b11)
)
