
unknown
(
  (define-fun x () (_ BitVec 32) #xffffffff)
)
(objectives 
  ((bvnot x) #x00000000)
)