
unknown
(
  (define-fun x () (_ BitVec 32) #xffffffff)
)
(objectives 
  ((bvabs32 x) #b011111111111111111111111111111111)
)
