
unknown
(
  (define-fun x () (_ BitVec 32) #xfffffffe)
)
(objectives 
  (x #xfffffffe)
)