
unknown
(
  (define-fun x () (_ BitVec 32) #xffffffff)
)
(objectives 
  (x #xffffffff)
)