
unknown
(
  (define-fun x () Int (as @a1 Int))
)
