
unknown
(:reason-unknown (:step-limit 3))

unsat
