(error "Invalid action during mode Assert: Set option steps_bound")
