
unknown

unknown
(error "Error on typing errors (code 4)")
