(error "(get-assignment) requires model generation, but it is disabled (try --produce-models)")
