
unknown
(
 :steps 11)

unsupported

(:authors "Alt-Ergo developers")
(:error-behavior immediate-exit)
(:name "Alt-Ergo")
(:reason-unknown incomplete)
(:version dev)
