
unknown
(
  
 ; Functions

 ; Constants

 ; Arrays not yet supported


)
