
unknown
(
  (define-fun x () Bool true)
  (define-fun y () Bool true)
)
((bar false)
 (foo true))

