
unknown
(
  
 ; Functions

(define-fun f ((arg_0 Int)) Int 0)

 ; Constants

(define-fun a () Int 0)

(define-fun b () Int 0)

 ; Arrays not yet supported


)
