
unknown
(
  (define-fun x () Int 8)
  (define-fun y () Int 42)
)
