
unknown
(
  
 ; Functions

 ; Constants

(define-fun x () Int 0)

 ; Arrays not yet supported


)
