
unknown
(
  (define-fun x () Real 4.0)
  (define-fun y () Real 4.0)
)
(objectives 
  (x 4.0)
  (y 4.0)
)