
unknown
(
  (define-fun x () Int 10)
)
(objectives 
  (x 10))
unknown
(
  (define-fun x () Int 0)
)
(objectives 
  (x 0)
)