
unknown
(
  (define-fun x () Int 0)
  (define-fun y () Int 0)
  (define-fun z () Int 0)
)
(objectives 
  (x (+ oo))
  (y (+ oo))
  (z (+ oo))
)