
unknown
(
  (define-fun intrefqtmk ((_arg_0 Int)) intref (as @a4 intref))
  (define-fun a () Int 0)
  (define-fun a1 () Int 0)
)
