
unknown
(
  (define-fun x () Pair
   (pair (store (as @a8 (Array Int S)) 0 s)
         (store (as @a8 (Array Int S)) 0 s)))
  (define-fun s () S (as @a7 S))
)
