(error "Invalid (get-info :reason-unknown)")

unknown
unsupported

unsupported

(:authors "Alt-Ergo developers")
(:error-behavior immediate-exit)
(:name "Alt-Ergo")
(:reason-unknown Incomplete)
(:version dev)
unsupported
