
unknown
(:reason-unknown (:timeout :assume))

unknown
(:reason-unknown (:timeout :assume))

unknown
(:reason-unknown (:timeout :assume))
