
unknown
(
  (define-fun x () (_ BitVec 4) #x7)
)
